<html>
<body>
<pre>
<h1>�Vision Build Log</h1>
<h2>Tool Versions:</h2>
IDE-Version: ��Vision V5.36.0.0
Copyright (C) 2021 ARM Ltd and ARM Germany GmbH. All rights reserved.
License Information: 1 A, 1, LIC=JL28G-V2ICW-636MB-2AYSA-XWRZ6-1I2Q8
 
Tool Versions:
Toolchain:       MDK-ARM Plus  Version: 5.36.0.0
Toolchain Path:  D:\develop\keil\ARM\ARMCLANG\Bin
C Compiler:      ArmClang.exe V6.16
Assembler:       Armasm.exe V6.16
Linker/Locator:  ArmLink.exe V6.16
Library Manager: ArmAr.exe V6.16
Hex Converter:   FromElf.exe V6.16
CPU DLL:         SARMCM3.DLL V5.36.0.0
Dialog DLL:      DCM.DLL V1.17.3.0
Target DLL:      Segger\JL2CM3.dll V2.99.40.0
Dialog DLL:      TCM.DLL V1.53.0.0
 
<h2>Project:</h2>
C:\Users\A\Mycode\STM32\F407ZGT6_HAL\MDK-ARM\F407ZGT6_HAL.uvprojx
Project File Date:  04/17/2026

<h2>Output:</h2>
*** Using Compiler 'V6.16', folder: 'D:\develop\keil\ARM\ARMCLANG\Bin'
Rebuild target 'F407ZGT6_HAL'
compiling main.c...
assembling startup_stm32f407xx.s...
compiling fsmc.c...
compiling gpio.c...
compiling tim.c...
compiling stm32f4xx_hal_msp.c...
compiling dma.c...
compiling rtc.c...
compiling usart.c...
compiling stm32f4xx_it.c...
compiling adc.c...
compiling stm32f4xx_hal_adc.c...
compiling stm32f4xx_ll_adc.c...
compiling stm32f4xx_hal_adc_ex.c...
compiling stm32f4xx_hal_rcc_ex.c...
compiling stm32f4xx_hal_flash.c...
compiling stm32f4xx_hal_rcc.c...
compiling stm32f4xx_hal_flash_ramfunc.c...
compiling stm32f4xx_hal_flash_ex.c...
compiling stm32f4xx_hal_gpio.c...
compiling stm32f4xx_hal_pwr_ex.c...
compiling stm32f4xx_hal_dma_ex.c...
compiling stm32f4xx_hal_pwr.c...
compiling stm32f4xx_hal_dma.c...
compiling stm32f4xx_hal.c...
compiling stm32f4xx_hal_cortex.c...
compiling stm32f4xx_hal_exti.c...
compiling stm32f4xx_hal_nor.c...
compiling stm32f4xx_hal_nand.c...
compiling stm32f4xx_hal_pccard.c...
compiling stm32f4xx_ll_fsmc.c...
compiling stm32f4xx_hal_sram.c...
compiling stm32f4xx_hal_rtc.c...
compiling led.c...
compiling system_stm32f4xx.c...
compiling Matrix_keyboard.c...
compiling stm32f4xx_hal_rtc_ex.c...
compiling Relay.c...
compiling my_usart.c...
compiling Buzzer.c...
compiling stm32f4xx_hal_tim_ex.c...
compiling stm32f4xx_hal_uart.c...
compiling TIM_All_callback.c...
compiling remote.c...
compiling CountSensor.c...
compiling EXTI_All_callback.c...
compiling HW.c...
../../BSP/UI/UI.c(409): warning: passing 'uint8_t [7]' to parameter of type 'const char *' converts between pointers to integer types where one is of the unique plain 'char' type and the other is not [-Wpointer-sign]
                                        if(strcmp(input,default_password) == 0)
                                                        ^~~~~~~~~~~~~~~~
D:\develop\keil\ARM\ARMCLANG\Bin\..\include\string.h(125): note: passing argument to parameter here
extern _ARMABI int strcmp(const char * /*s1*/, const char * /*s2*/) __attribute__((__nonnull__(1,2)));
                                                                  ^
../../BSP/UI/UI.c(481): warning: passing 'const char [27]' to parameter of type 'u8 *' (aka 'unsigned char *') discards qualifiers [-Wincompatible-pointer-types-discards-qualifiers]
                LCD_ShowString(0,250,320,24,24,blank);
                                               ^~~~~
../../BSP/LCD\lcd.h(167): note: passing argument to parameter 'p' here
void LCD_ShowString(u16 x,u16 y,u16 width,u16 height,u8 size,u8 *p);            //<CF><D4>ʾһ<B8><F6><D7>ַ<FB><B4><AE>,12/16<D7><D6><CC><E5>
                                                                 ^
../../BSP/UI/UI.c(527): warning: passing 'const char [27]' to parameter of type 'u8 *' (aka 'unsigned char *') discards qualifiers [-Wincompatible-pointer-types-discards-qualifiers]
                LCD_ShowString(0,250,320,24,24,blank);
                                               ^~~~~
../../BSP/LCD\lcd.h(167): note: passing argument to parameter 'p' here
void LCD_ShowString(u16 x,u16 y,u16 width,u16 height,u8 size,u8 *p);            //<CF><D4>ʾһ<B8><F6><D7>ַ<FB><B4><AE>,12/16<D7><D6><CC><E5>
                                                                 ^
../../BSP/UI/UI.c(611): warning: passing 'char [3]' to parameter of type 'u8 *' (aka 'unsigned char *') converts between pointers to integer types where one is of the unique plain 'char' type and the other is not [-Wpointer-sign]
                        LCD_ShowString(250,24,70,24,24,"'C");
                                                       ^~~~
../../BSP/LCD\lcd.h(167): note: passing argument to parameter 'p' here
void LCD_ShowString(u16 x,u16 y,u16 width,u16 height,u8 size,u8 *p);            //<CF><D4>ʾһ<B8><F6><D7>ַ<FB><B4><AE>,12/16<D7><D6><CC><E5>
                                                                 ^
../../BSP/UI/UI.c(614): warning: passing 'char [3]' to parameter of type 'u8 *' (aka 'unsigned char *') converts between pointers to integer types where one is of the unique plain 'char' type and the other is not [-Wpointer-sign]
                        LCD_ShowString(250,48,70,24,24," %");
                                                       ^~~~
../../BSP/LCD\lcd.h(167): note: passing argument to parameter 'p' here
void LCD_ShowString(u16 x,u16 y,u16 width,u16 height,u8 size,u8 *p);            //<CF><D4>ʾһ<B8><F6><D7>ַ<FB><B4><AE>,12/16<D7><D6><CC><E5>
                                                                 ^
../../BSP/UI/UI.c(617): warning: passing 'char [4]' to parameter of type 'u8 *' (aka 'unsigned char *') converts between pointers to integer types where one is of the unique plain 'char' type and the other is not [-Wpointer-sign]
                        LCD_ShowString(250,72,70,24,24,"Lux");
                                                       ^~~~~
../../BSP/LCD\lcd.h(167): note: passing argument to parameter 'p' here
void LCD_ShowString(u16 x,u16 y,u16 width,u16 height,u8 size,u8 *p);            //<CF><D4>ʾһ<B8><F6><D7>ַ<FB><B4><AE>,12/16<D7><D6><CC><E5>
                                                                 ^
../../BSP/UI/UI.c(621): warning: passing 'char [3]' to parameter of type 'u8 *' (aka 'unsigned char *') converts between pointers to integer types where one is of the unique plain 'char' type and the other is not [-Wpointer-sign]
                                LCD_ShowString(160,96,160,24,24,"ON");
                                                                ^~~~
../../BSP/LCD\lcd.h(167): note: passing argument to parameter 'p' here
void LCD_ShowString(u16 x,u16 y,u16 width,u16 height,u8 size,u8 *p);            //<CF><D4>ʾһ<B8><F6><D7>ַ<FB><B4><AE>,12/16<D7><D6><CC><E5>
                                                                 ^
../../BSP/UI/UI.c(624): warning: passing 'char [4]' to parameter of type 'u8 *' (aka 'unsigned char *') converts between pointers to integer types where one is of the unique plain 'char' type and the other is not [-Wpointer-sign]
                                LCD_ShowString(160,96,160,24,24,"OFF");
                                                                ^~~~~
../../BSP/LCD\lcd.h(167): note: passing argument to parameter 'p' here
void LCD_ShowString(u16 x,u16 y,u16 width,u16 height,u8 size,u8 *p);            //<CF><D4>ʾһ<B8><F6><D7>ַ<FB><B4><AE>,12/16<D7><D6><CC><E5>
                                                                 ^
../../BSP/UI/UI.c(628): warning: passing 'char [5]' to parameter of type 'u8 *' (aka 'unsigned char *') converts between pointers to integer types where one is of the unique plain 'char' type and the other is not [-Wpointer-sign]
                        LCD_ShowString(0,144,160,24,24,"LED:");
                                                       ^~~~~~
../../BSP/LCD\lcd.h(167): note: passing argument to parameter 'p' here
void LCD_ShowString(u16 x,u16 y,u16 width,u16 height,u8 size,u8 *p);            //<CF><D4>ʾһ<B8><F6><D7>ַ<FB><B4><AE>,12/16<D7><D6><CC><E5>
                                                                 ^
../../BSP/UI/UI.c(631): warning: passing 'char [3]' to parameter of type 'u8 *' (aka 'unsigned char *') converts between pointers to integer types where one is of the unique plain 'char' type and the other is not [-Wpointer-sign]
                                LCD_ShowString(160,144,160,24,24,"ON");
                                                                 ^~~~
../../BSP/LCD\lcd.h(167): note: passing argument to parameter 'p' here
void LCD_ShowString(u16 x,u16 y,u16 width,u16 height,u8 size,u8 *p);            //<CF><D4>ʾһ<B8><F6><D7>ַ<FB><B4><AE>,12/16<D7><D6><CC><E5>
                                                                 ^
../../BSP/UI/UI.c(634): warning: passing 'char [4]' to parameter of type 'u8 *' (aka 'unsigned char *') converts between pointers to integer types where one is of the unique plain 'char' type and the other is not [-Wpointer-sign]
                                LCD_ShowString(160,144,160,24,24,"OFF");
                                                                 ^~~~~
../../BSP/LCD\lcd.h(167): note: passing argument to parameter 'p' here
void LCD_ShowString(u16 x,u16 y,u16 width,u16 height,u8 size,u8 *p);            //<CF><D4>ʾһ<B8><F6><D7>ַ<FB><B4><AE>,12/16<D7><D6><CC><E5>
                                                                 ^
../../BSP/UI/UI.c(639): warning: passing 'char [12]' to parameter of type 'u8 *' (aka 'unsigned char *') converts between pointers to integer types where one is of the unique plain 'char' type and the other is not [-Wpointer-sign]
                                LCD_ShowString(160,168,160,24,24,"Manual mode");
                                                                 ^~~~~~~~~~~~~
../../BSP/LCD\lcd.h(167): note: passing argument to parameter 'p' here
void LCD_ShowString(u16 x,u16 y,u16 width,u16 height,u8 size,u8 *p);            //<CF><D4>ʾһ<B8><F6><D7>ַ<FB><B4><AE>,12/16<D7><D6><CC><E5>
                                                                 ^
../../BSP/UI/UI.c(642): warning: passing 'char [10]' to parameter of type 'u8 *' (aka 'unsigned char *') converts between pointers to integer types where one is of the unique plain 'char' type and the other is not [-Wpointer-sign]
                                LCD_ShowString(160,168,160,24,24,"Auto mode");
                                                                 ^~~~~~~~~~~
../../BSP/LCD\lcd.h(167): note: passing argument to parameter 'p' here
void LCD_ShowString(u16 x,u16 y,u16 width,u16 height,u8 size,u8 *p);            //<CF><D4>ʾһ<B8><F6><D7>ַ<FB><B4><AE>,12/16<D7><D6><CC><E5>
                                                                 ^
../../BSP/UI/UI.c(646): warning: passing 'char [3]' to parameter of type 'u8 *' (aka 'unsigned char *') converts between pointers to integer types where one is of the unique plain 'char' type and the other is not [-Wpointer-sign]
                        LCD_ShowString(200,192,160,24,24," %");
                                                         ^~~~
../../BSP/LCD\lcd.h(167): note: passing argument to parameter 'p' here
void LCD_ShowString(u16 x,u16 y,u16 width,u16 height,u8 size,u8 *p);            //<CF><D4>ʾһ<B8><F6><D7>ַ<FB><B4><AE>,12/16<D7><D6><CC><E5>
                                                                 ^
../../BSP/UI/UI.c(650): warning: passing 'char [50]' to parameter of type 'u8 *' (aka 'unsigned char *') converts between pointers to integer types where one is of the unique plain 'char' type and the other is not [-Wpointer-sign]
                        LCD_ShowString(120,216,200,24,24,show_time_str);
                                                         ^~~~~~~~~~~~~
../../BSP/LCD\lcd.h(167): note: passing argument to parameter 'p' here
void LCD_ShowString(u16 x,u16 y,u16 width,u16 height,u8 size,u8 *p);            //<CF><D4>ʾһ<B8><F6><D7>ַ<FB><B4><AE>,12/16<D7><D6><CC><E5>
                                                                 ^
../../BSP/UI/UI.c(674): warning: passing 'char [23]' to parameter of type 'u8 *' (aka 'unsigned char *') converts between pointers to integer types where one is of the unique plain 'char' type and the other is not [-Wpointer-sign]
                        LCD_ShowString(0,200,320,24,24,"please input password:");
                                                       ^~~~~~~~~~~~~~~~~~~~~~~~
../../BSP/LCD\lcd.h(167): note: passing argument to parameter 'p' here
void LCD_ShowString(u16 x,u16 y,u16 width,u16 height,u8 size,u8 *p);            //<CF><D4>ʾһ<B8><F6><D7>ַ<FB><B4><AE>,12/16<D7><D6><CC><E5>
                                                                 ^
16 warnings generated.
compiling UI.c...
compiling 24cxx.c...
compiling pot.c...
compiling myiic.c...
compiling stm32f4xx_hal_tim.c...
compiling AD.c...
compiling Motor.c...
compiling lcd.c...
compiling LDR.c...
compiling Temp.c...
compiling DHT11.c...
compiling stepmotor.c...
compiling RTC_clk.c...
compiling sys.c...
compiling delay_us.c...
compiling scheduler.c...
linking...
Program Size: Code=48626 RO-data=7350 RW-data=128 ZI-data=2328  
FromELF: creating hex file...
"F407ZGT6_HAL\F407ZGT6_HAL.axf" - 0 Error(s), 16 Warning(s).

<h2>Software Packages used:</h2>

Package Vendor: ARM
                http://www.keil.com/pack/ARM.CMSIS.5.8.0.pack
                ARM.CMSIS.5.8.0
                CMSIS (Common Microcontroller Software Interface Standard)
   * Component: CORE Version: 5.5.0

Package Vendor: Keil
                http://www.keil.com/pack/Keil.STM32F4xx_DFP.2.2.0.pack
                Keil.STM32F4xx_DFP.2.2.0
                STMicroelectronics STM32F4 Series Device Support, Drivers and Examples

<h2>Collection of Component include folders:</h2>
  .\RTE\_F407ZGT6_HAL
  D:\develop\keil\Arm\Packs\ARM\CMSIS\5.8.0\CMSIS\Core\Include
  D:\develop\keil\Arm\Packs\Keil\STM32F4xx_DFP\2.2.0\Drivers\CMSIS\Device\ST\STM32F4xx\Include

<h2>Collection of Component Files used:</h2>

   * Component: ARM::CMSIS:CORE:5.5.0
      Include file:  CMSIS\Core\Include\tz_context.h
Build Time Elapsed:  00:00:03
</pre>
</body>
</html>
